format: pf-process-log-v2
process_id: 9
argv: ["pytest", "-p", "_pf_pytest_observer_***", "--timeout", "180", "--maxfail=1", "-o", "cache_dir=/tmp/pf-pytest-cache-v01caema"]
cwd: "/tmp/pf-proposal-mdmvtnjo/source"
environment_names: ["PATH", "PF_PYTEST_OBSERVER_CASES_DIR", "PF_PYTEST_OBSERVER_CASES_PROJECTION", "PF_PYTEST_OBSERVER_DETAILS_DIR", "PF_PYTEST_OBSERVER_DIR", "PF_PYTEST_OBSERVER_NONCE", "PF_PYTEST_PROGRESS_DIR", "PF_PYTEST_PROGRESS_NONCE", "PYTHONPATH"]
timeout_seconds: 7200
start_new_session: true
redaction_policy_identity: "pf-default-v1"
terminal_kind: process-result
exit_code: 1
signal: null
start_error: null
timed_out: false
duration_seconds: 35.849572441999044
stdout_complete: true
stderr_complete: true
stdout_characters: 20959
stderr_characters: 0

--- stdout ---
============================= test session starts ==============================
platform linux -- Python 3.11.15, pytest-9.1.1, pluggy-1.6.0
cachedir: /tmp/pf-pytest-cache-v01caema
rootdir: /tmp/pf-proposal-mdmvtnjo/source
configfile: pyproject.toml
testpaths: xarray/tests, properties
plugins: asyncio-1.4.0, mypy-plugins-4.0.3, hypothesis-6.168.0, timeout-2.4.0, env-1.7.1
asyncio: mode=Mode.STRICT, debug=False, asyncio_default_fixture_loop_scope=function, asyncio_default_test_loop_scope=function
timeout: 180.0s
timeout method: signal
timeout func_only: False
collected 16731 items / 10 skipped

xarray/tests/test_accessor_dt.py .................................ssss.s [  0%]
ssssssssssssssssssssssssssssssss............ssssssssssssssssssssssssssss [  0%]
ssssssssssssssssssssssssssssssssssssssssss.sssssssssssssssssssssssssssss [  1%]
ssssssssssssssssssssssssssssssssssssssssssssssssssssssssssssssssssssssss [  1%]
ssssssssssssssssssssssssssssssssssssssssssssssssssssssssssssssssssssssss [  1%]
sssssssssssssssssssssssssss.sss                                          [  2%]
xarray/tests/test_accessor_str.py s..................................... [  2%]
........................................................................ [  2%]
........................................................................ [  3%]
.............................................                            [  3%]
xarray/tests/test_assertions.py ...........ss.ss.ss.ss.ss.ss............ [  3%]
.....                                                                    [  3%]
xarray/tests/test_backends.py .sssssssssssssssssssssssssssssssssssssssss [  4%]
ssssssssssssssssssssssssssssssssssssssssssssssssssssssssssssssssssssssss [  4%]
ssssssssssssssssssssssssssssssssssssssssssssssssssssssssssssssssssssssss [  4%]
ssssssssssssssssssssssssssssssssssssssssssssssssssssssssssssssssssssssss [  5%]
ssssssssssssssssssssssssssssssssssssssssssssssssssssssssssssssssssssssss [  5%]
ssssssssssssssssssssssssssssssssssssssssssssssssssssssssssssssssssssssss [  6%]
ssssssssssssssssssssssssssssssssssssssssssssssssssssssssssssssssssssssss [  6%]
ssssssssssssssssssssssssssssssssssssssssssssssssssssssssssssssssssssssss [  7%]
ssssssssssssssssssssssssssssssssssssssssssssssssssssssssssssssssssssssss [  7%]
ssssssssssssssssssssssssssssssssssssssssssssssssssssssssssssssssssssssss [  7%]
ssssssssssssssssssssssssssssssssssssssssssssssssssssssssssssssssssssssss [  8%]
ssssssssssssssssssssssssssssssssssssssssssssssssssssssssssssssssssssssss [  8%]
ssssssssssssssssssssssssssssssssssssssssssssssssssssssssssssssssssssssss [  9%]
ssssssssssssssssssssssssssssssssssssssssssssssssssssssssssssssssssssssss [  9%]
ssssssssssssssssssssssssssssssssssssssssssssssssssssssssssssssssssssssss [ 10%]
ssssssssssssssssssssssssssssssssssssssssssssssssssssssssssssssssssssssss [ 10%]
ssssssssssssssssssssssssssssssssssssssssssssssssssssssssssssssssssssssss [ 10%]
ssssssssssssssssssssssssssssssssssssssssssssssssssssssssssssssssssssssss [ 11%]
ssssssssssssssssssssssssssssssssssssssssssssssssssssssssssssssssssssssss [ 11%]
ssssssssssssssssssssssssssssssssssssssssssssssssssssssssssssssssssssssss [ 12%]
ssssssssssssssssssssssssssssssssssssssssssssssssssssssssssssssssssssssss [ 12%]
ssssssssssssssssssssssssssssssssssssssssssssssssssssssssssssssssssssssss [ 13%]
ssssssssssssssssssssssssssssssssssssssssssssssssssssssssssssssssssssssss [ 13%]
ssssssssssssssssssssssssssssssssssssssssssssssssssssssssssssssssssssssss [ 13%]
ssssssssssssssssssssssssssssssssssssssssssssssssssssssssssssssssssssssss [ 14%]
ssssssssssssssssssssssssssssssssssssssssssssssssssssssssssssssssssssssss [ 14%]
ssssssssssssssssssssssssssssssssssssssssssssssssssssssssssssssssssssssss [ 15%]
ssssssssssssssssssssssssssssssssssssssssssssssssssssssssssssssssssssssss [ 15%]
ssssssssssssssssssssssssssssssssssssssssssssssssssssssssssssssssssssssss [ 16%]
ssssssssssssssssssssssssssssssssssssssssssssssssssssssssssssssssssssssss [ 16%]
ssssssssssssssssssssssssssssssssssssssssssssssssssssssssssssssssssssssss [ 16%]
ssssssssssssssssssssssssssssssssssssssssssssssssssssssssssssssssssssssss [ 17%]
sssssssss.sxssssssssssssssssssssssssssssssssssssssssssssssssssssssssssss [ 17%]
ssssssssssssssssssssssss..sssssssssssssssssssssssssssssssssssssss.       [ 18%]
xarray/tests/test_backends_api.py ss...sssssssssssssssssssssssss         [ 18%]
xarray/tests/test_backends_chunks.py .........sssssssss                  [ 18%]
xarray/tests/test_backends_common.py ...s                                [ 18%]
xarray/tests/test_backends_datatree.py sssssssssssssssssssssssssssssssss [ 18%]
ssssssssssssssssssssssssssssssssssssssssssssssssssssssssssssssssssssssss [ 19%]
ssssssssssssssssssssssssssssssssssssssssssssssssssssssssssssssssssssssss [ 19%]
ssssssssssssssssssssssssssssssssssssssssssss                             [ 19%]
xarray/tests/test_backends_file_manager.py ............................. [ 19%]
....                                                                     [ 20%]
xarray/tests/test_backends_locks.py ......                               [ 20%]
xarray/tests/test_backends_lru_cache.py ........                         [ 20%]
xarray/tests/test_cftimeindex.py ....................................... [ 20%]
.........................................................sssssssssssssss [ 20%]
ssssssssssssssssssssssssssssssssssssssssssssssssssssssssssssssssssssssss [ 21%]
ssssssssssssssssssssssssssssssssssssssssssssssssssssssssssssssssssssssss [ 21%]
ssssssssssssssssssssssssssssssssssssssssssssssssssssssssssssssssssssssss [ 22%]
ssssssssssssssssssssssssssssssssssssssssssssssssssssssssssssssssssssssss [ 22%]
ssssssssssssssssssssssssssssssssssssssssssssssssssssssssssssssssssssssss [ 22%]
ssssssssssssssssssssssssssssssssssssssssssssssssssssssssssssssssssssssss [ 23%]
ssssssssssssssssssssssssssssssssssssssssssssssssssssssssssssssssssssssss [ 23%]
ssssssssssssssssssssssssssssssssssssssssssssssssssssssssssssssssssssssss [ 24%]
ssssssssssssssssssssssssssssssssssssssssssssssssssssssssssssssssssssssss [ 24%]
ssssssssssssssssssssssssssssssssssssssssssssssssssssssssssssssssssssssss [ 25%]
ssssssssssssssssssssssssssssssssssssssssssssssssssssssssssssssssssssssss [ 25%]
ssssssssssssssssssssssssssssssssssssssssssssssssssssssssssssssssssssssss [ 25%]
ssssssssssssssssssssssssssssssssssssssssssssssssssssssss                 [ 26%]
xarray/tests/test_coarsen.py .s....ssss..sss............................ [ 26%]
..............................ssssssssssssssssssssssssssssssssssssssssss [ 26%]
ssssssssssssss...s.......s.......s.......s......ssssssssssssssssssssssss [ 27%]
ssssssss...                                                              [ 27%]
xarray/tests/test_coding.py .....s.........................              [ 27%]
xarray/tests/test_coding_strings.py .....s..................s.s          [ 27%]
xarray/tests/test_coding_times.py ssssssssssssssssssssssssssssssssssssss [ 28%]
ssssssssssssssssssssssssssssssssssssssssssssssssssssssssssssssssssssssss [ 28%]
ssssssssssssssssssssssssssssssssssssssssssssssssssssssssssssssssssssssss [ 28%]
ssssssssssssssssssssssssssssssssssssssssssssssssssssssssssssssssssssssss [ 29%]
ssssssssssssssssssssssssssssssssssssssssssssssssssssssssssssssssssssssss [ 29%]
ssssssssssssss.sssssssssssssssssssssssssssssssssssssssssssssssssssssssss [ 30%]
ssssssssssssssssssssssssssssssssssssssssssssssssssssssssssssssssssssssss [ 30%]
ssssssssssssssssssssssssssssssssssssssss..............ssssssssssssssssss [ 31%]
ssssss...................................................ssssssssssss.ss [ 31%]
ssssss.ssssssss.ssssssss.....sssssssssssssssssssssssssssssssssssss..ssss [ 31%]
s..ssssssssssss.ssssssssssssssssssssssssssssssssssssssssssssssssssssssss [ 32%]
sssssssssssssssssssssssssssssssssssssssssssssssss.....ssssssssssssssssss [ 32%]
ssssssssssssssssssssssssssssssssssssssssssssssssssssssssss.............. [ 33%]
...............................................................ssssssss. [ 33%]
.....ss............ss........s.ss........ss............................. [ 34%]
...................ssssssssssssssssss.sss.sssssssss.s.s................. [ 34%]
....s..........x............................                             [ 34%]
xarray/tests/test_combine.py .......................................x... [ 34%]
........................................................................ [ 35%]
.....ss.                                                                 [ 35%]
xarray/tests/test_computation.py ...........s........................... [ 35%]
......................................ssssssss.sssss.s.sssssssssssssssss [ 36%]
sssssssssssssssssss.............................................ssssssss [ 36%]
ssssssssssssssssssss........................s...s.s....s.s.s.s.s.s.s.s.s [ 36%]
.s.s.s.s.sssss..s.s.s.s.s.s.s.s.s.s.s.s.sXsXs..                          [ 37%]
xarray/tests/test_concat.py ...s........................................ [ 37%]
...................................................s..s................. [ 37%]
.........................                                                [ 38%]
xarray/tests/test_conventions.py ....sssssssssssssssssssssssssssssssssss [ 38%]
ssssssssssssssssssssssssssssssssssssssssssssssssssssssssssssssssssssssss [ 38%]
ssss...s...                                                              [ 38%]
xarray/tests/test_coordinate_transform.py ..............                 [ 38%]
xarray/tests/test_coordinates.py ...........................             [ 39%]
xarray/tests/test_dataarray.py .................s.s....................s [ 39%]
..............................................................s......... [ 39%]
................................s...................s................... [ 40%]
........................................................................ [ 40%]
.......................s...ss...s.s.s.s.s.s........................Xx... [ 41%]
........ss.s.s...................................ssssssssss.ssssss...... [ 41%]
..................ssssss......ssssss..................................ss [ 41%]
ss....ssss....................ssss.s....sssssssssssss........s......ssss [ 42%]
s.....                                                                   [ 42%]
xarray/tests/test_dataarray_typing.yml sssssssssssss                     [ 42%]
xarray/tests/test_dataset.py ........................................sss [ 42%]
sssssssssssssssssss.s...............s................................... [ 43%]
...............................Xx...........s........................... [ 43%]
............s........................................................... [ 44%]
......s................................................................. [ 44%]
............s..................................................s........ [ 44%]
............................ssssssss...sss........................s.s.s. [ 45%]
.s......ss..ss..ss......s....sssss..                                     [ 45%]
xarray/tests/test_dataset_typing.yml sssssssssssss                       [ 45%]
xarray/tests/test_datatree.py ..............................xx.......... [ 45%]
x......x................................................................ [ 46%]
....................................x.....sssss                          [ 46%]
xarray/tests/test_datatree_mapping.py .............x........             [ 46%]
xarray/tests/test_datatree_typing.yml sssssssssssss                      [ 46%]
xarray/tests/test_deprecation_helpers.py ..                              [ 46%]
xarray/tests/test_dtypes.py ...................s........................ [ 47%]
.........sss...                                                          [ 47%]
xarray/tests/test_duck_array_ops.py .....s.ss.....ssssssssssssss........ [ 47%]
........ss.sss.........ssssssss........ssssssss........ssssssss......sss [ 47%]
sssssss........ssssssss........ssssssss........ssssssss........ssssssss. [ 48%]
.....ssssssssss........ssssssss........ssssssss........ssssssss........s [ 48%]
sssssss......ssssssssss........ssssssss........ssssssss........ssssssss. [ 49%]
.......ssssssss......ssssssssss........ssssssssssssssssss..........sssss [ 49%]
sssssssssssssssssssssssss..........ssssssssssssssssssssssssss........... [ 49%]
...ssssssssssssssssssssssssss..............sssssssssssssssssssssssssssss [ 50%]
ss.s.s.s.s.sssssssssssssssssssssssssssssss.s.s.s.s.sssssssssssssssssssss [ 50%]
ssssss.s.s.s.s.s.s.sssssssssssssssssssssssssss.s.s.s.s.s.s.sssssssssssss [ 51%]
sssssss........sss....ssssss........ssssssss........ssssssss........ssss [ 51%]
ssss........ssssssss........ssssssss........ssssssss........ssssssss.... [ 52%]
....ssssssss........ssssssss........ssssssss........ssssssss........ssss [ 52%]
ssss........ssssssss........ssssssss........ssssssss........ssssssss.... [ 52%]
....ssssssss........ssssssss........ssssssss........ssssssss........ssss [ 53%]
ssss........ssssssss........ssssssss........ssssssss....ssss....ssss.s.s [ 53%]
.s.s.s.s......ssss....ssss....ssss....sssss.s.s.s.ssssss................ [ 54%]
.........................................................s.s.ssss.....   [ 54%]
xarray/tests/test_duck_array_wrapping.py sssssssssssssssssssssssssssssss [ 54%]
ssssssssssssssssssssssssssssssssssssssssssssssssssssssssssssssssssssssss [ 55%]
ssssssssssssssssssssssssssssssssssssssssssssssssssssssssssssssssssssssss [ 55%]
ssssssssssssssssssssssssssssssssssssssssssssssssssssssssssssssssssssssss [ 56%]
ssssssssssssssssssssssssssssssssssssssssssssssssssssssssssssssssssssssss [ 56%]
ssssssssssssssssssssssssssssssssssssssssssssssssssssssssssssssssssssssss [ 56%]
ssssssssssssssssssssssssssssssssssssssssssssssssssssssssssssssssssssssss [ 57%]
sssssssssssssssssssssssssss                                              [ 57%]
xarray/tests/test_error_messages.py .s                                   [ 57%]
xarray/tests/test_eval.py .s.s.s...................ssssssssss            [ 57%]
xarray/tests/test_extensions.py ....                                     [ 57%]
xarray/tests/test_formatting.py ........................s.............s. [ 58%]
..........s....                                                          [ 58%]
xarray/tests/test_formatting_html.py ..s........................         [ 58%]
xarray/tests/test_groupby.py ....................sss...............ssss. [ 58%]
........................................ss............ssss....ssss....ss [ 58%]
ss...................................................................... [ 59%]
.........ssssssssssssss.s..s.s.....sssss.........sssssss.....s..sssssss. [ 59%]
sssssss.sssssss.sssssss.sssssss.sssssss.sssssss.sssssss.sssssss.sssssss. [ 60%]
sssssss.sssssss.....sssssssss.s..ss.............sssssssssss.sssss....sss [ 60%]
s..ssssssss.ssssssss..ssssssss.ssssssss..s.s.s.s.s.s.s.s.s.s.s.s.ss....s [ 61%]
.ss...ss...                                                              [ 61%]
xarray/tests/test_hashable.py ........                                   [ 61%]
xarray/tests/test_indexes.py ........................................... [ 61%]
...........................ss....                                        [ 61%]
xarray/tests/test_indexing.py .......................................... [ 61%]
........................................................................ [ 62%]
........................s...........s....ssss..                          [ 62%]
xarray/tests/test_interp.py ssssssssssssssssssssssssssssssssssssssssssss [ 62%]
ssssssssssssssssssssssssssssssssssssssssssssssssssssssssssssssssssssssss [ 63%]
ssssssssssssssssssssssssssssssssssssssssssssssssssssssssssssssssssssssss [ 63%]
sssssssssssssssssssssssssssssssssssssssssssssssssssssssss                [ 64%]
xarray/tests/test_merge.py ............................................. [ 64%]
.....................................                                    [ 64%]
xarray/tests/test_missing.py ssssssssssssssssssssssssss.....s..sssssssss [ 64%]
sssssssssssssss.sssss..sssssssss.sssssssssssssssssssss...sssssssssssssss [ 65%]
s                                                                        [ 65%]
xarray/tests/test_namedarray.py ....x...........................s....... [ 65%]
...........s                                                             [ 65%]
xarray/tests/test_nd_point_index.py .sssssF

=================================== FAILURES ===================================
____________________________ test_tree_index_rename ____________________________

self = <xarray.indexes.nd_point_index.ScipyKDTreeAdapter object at 0x731c8ff91c90>
points = array([[1., 3.],
       [2., 3.],
       [1., 4.],
       [2., 4.]])
options = {}

    def __init__(self, points: np.ndarray, options: Mapping[str, Any]):
        try:
>           from scipy.spatial import KDTree
E           ModuleNotFoundError: No module named 'scipy'

/tmp/pf-proposal-mdmvtnjo/source/xarray/indexes/nd_point_index.py:79: ModuleNotFoundError

The above exception was the direct cause of the following exception:

    def test_tree_index_rename() -> None:
        xx, yy = np.meshgrid([1.0, 2.0], [3.0, 4.0])
>       ds = xr.Dataset(coords={"xx": (("y", "x"), xx), "yy": (("y", "x"), yy)}).set_xindex(
            ("xx", "yy"), NDPointIndex
        )

/tmp/pf-proposal-mdmvtnjo/source/xarray/tests/test_nd_point_index.py:171: 
_ _ _ _ _ _ _ _ _ _ _ _ _ _ _ _ _ _ _ _ _ _ _ _ _ _ _ _ _ _ _ _ _ _ _ _ _ _ _ _ 
/tmp/pf-proposal-mdmvtnjo/source/xarray/core/dataset.py:5110: in set_xindex
    index = index_cls.from_variables(coord_vars, options=options)
            ^^^^^^^^^^^^^^^^^^^^^^^^^^^^^^^^^^^^^^^^^^^^^^^^^^^^^
/tmp/pf-proposal-mdmvtnjo/source/xarray/indexes/nd_point_index.py:276: in from_variables
    tree_adapter_cls(points, options=opts),
    ^^^^^^^^^^^^^^^^^^^^^^^^^^^^^^^^^^^^^^
_ _ _ _ _ _ _ _ _ _ _ _ _ _ _ _ _ _ _ _ _ _ _ _ _ _ _ _ _ _ _ _ _ _ _ _ _ _ _ _ 

self = <xarray.indexes.nd_point_index.ScipyKDTreeAdapter object at 0x731c8ff91c90>
points = array([[1., 3.],
       [2., 3.],
       [1., 4.],
       [2., 4.]])
options = {}

    def __init__(self, points: np.ndarray, options: Mapping[str, Any]):
        try:
            from scipy.spatial import KDTree
        except ImportError as err:
>           raise ImportError(
                "`NDPointIndex` requires `scipy` when used with `ScipyKDTreeAdapter`. "
                "Please ensure that `scipy` is installed and importable."
            ) from err
E           ImportError: `NDPointIndex` requires `scipy` when used with `ScipyKDTreeAdapter`. Please ensure that `scipy` is installed and importable.

/tmp/pf-proposal-mdmvtnjo/source/xarray/indexes/nd_point_index.py:81: ImportError
=============================== warnings summary ===============================
../environment/lib/python3.11/site-packages/_pytest/python.py:124
  /tmp/pf-proposal-mdmvtnjo/environment/lib/python3.11/site-packages/_pytest/python.py:124: PytestRemovedIn10Warning: Passing a non-Collection iterable to parametrize is deprecated.
  Test: xarray/tests/test_dataarray.py::TestDataArray::test_quantile, argvalues type: zip
  Please convert to a list or tuple.
  See https://docs.pytest.org/en/stable/deprecations.html#parametrize-iterators
    metafunc.parametrize(*marker.args, **marker.kwargs, _param_mark=marker)

../environment/lib/python3.11/site-packages/_pytest/python.py:124
  /tmp/pf-proposal-mdmvtnjo/environment/lib/python3.11/site-packages/_pytest/python.py:124: PytestRemovedIn10Warning: Passing a non-Collection iterable to parametrize is deprecated.
  Test: xarray/tests/test_variable.py::TestVariable::test_quantile, argvalues type: zip
  Please convert to a list or tuple.
  See https://docs.pytest.org/en/stable/deprecations.html#parametrize-iterators
    metafunc.parametrize(*marker.args, **marker.kwargs, _param_mark=marker)

xarray/tests/test_computation.py: 16 warnings
  /tmp/pf-proposal-mdmvtnjo/environment/lib/python3.11/site-packages/numpy/lib/_nanfunctions_impl.py:1997: RuntimeWarning: Degrees of freedom <= 0 for slice.
    var = nanvar(a, axis=axis, dtype=dtype, out=out, ddof=ddof,

xarray/tests/test_dataarray.py::TestDataArray::test_fillna_extension_array[categorical]
xarray/tests/test_dataarray.py::TestDataArray::test_fillna_extension_array[categorical]
xarray/tests/test_dataset.py::TestDataset::test_fillna_extension_array[category]
xarray/tests/test_dataset.py::TestDataset::test_fillna_extension_array[category]
  /tmp/pf-proposal-mdmvtnjo/environment/lib/python3.11/site-packages/pandas/core/dtypes/common.py:1885: DeprecationWarning: Data type alias 'a' was deprecated in NumPy 2.0. Use the 'S' alias instead.
    npdtype = np.dtype(dtype)

-- Docs: https://docs.pytest.org/en/stable/how-to/capture-warnings.html
=========================== short test summary info ============================
FAILED xarray/tests/test_nd_point_index.py::test_tree_index_rename - ImportEr...
!!!!!!!!!!!!!!!!!!!!!!!!!! stopping after 1 failures !!!!!!!!!!!!!!!!!!!!!!!!!!!
= 1 ***, 3904 passed, 7078 skipped, 12 x***, 4 xpassed, 22 warnings in 33.01s =

--- stderr ---
